// Jest Snapshot v1, https://goo.gl/fbAQLP

exports[`<MyTransactions /> render() renders the component 1`] = `
ShallowWrapper {
  Symbol(enzyme.__root__): [Circular],
  Symbol(enzyme.__unrendered__): <MyTransactions
    getUserTransactions={[Function]}
    loading={false}
    store={
      Object {
        "dispatch": [Function],
        "getState": [Function],
        "replaceReducer": [Function],
        "subscribe": [Function],
        Symbol(observable): [Function],
      }
    }
    storeSubscription={
      Subscription {
        "listeners": Object {
          "clear": [Function],
          "get": [Function],
          "notify": [Function],
          "subscribe": [Function],
        },
        "onStateChange": [Function],
        "parentSub": undefined,
        "store": Object {
          "dispatch": [Function],
          "getState": [Function],
          "replaceReducer": [Function],
          "subscribe": [Function],
          Symbol(observable): [Function],
        },
        "unsubscribe": [Function],
      }
    }
    userTransactions={
      Array [
        Object {
          "hash": "0x7e1bf33a238354bebfd59f2bbd88a99e75c0b75d9aaa5a2e4b4225e1e51369fb",
          "title": "ContractCreation",
        },
      ]
    }
  />,
  Symbol(enzyme.__renderer__): Object {
    "batchedUpdates": [Function],
    "getNode": [Function],
    "render": [Function],
    "simulateError": [Function],
    "simulateEvent": [Function],
    "unmount": [Function],
  },
  Symbol(enzyme.__node__): Object {
    "instance": null,
    "key": undefined,
    "nodeType": "host",
    "props": Object {
      "children": Array [
        <div
          className="table-title"
        >
          My Transactions
        </div>,
        <table
          className="table table-hover table-striped"
        >
          <thead>
            <tr>
              <th
                style={
                  Object {
                    "width": "30%",
                  }
                }
              >
                Transaction
              </th>
              <th>
                Transaction Hash
              </th>
            </tr>
          </thead>
          <tbody>
            <tr>
              <td>
                ContractCreation
              </td>
              <td>
                <a
                  className="link__token-address"
                  href="https://rinkeby.etherscan.io/tx/0x7e1bf33a238354bebfd59f2bbd88a99e75c0b75d9aaa5a2e4b4225e1e51369fb"
                  rel="noopener noreferrer"
                  target="_blank"
                >
                  0x7e1bf33a238354bebfd59f2bbd88a99e75c0b75d9aaa5a2e4b4225e1e51369fb
                </a>
              </td>
            </tr>
          </tbody>
        </table>,
      ],
      "className": "wide-table-container",
    },
    "ref": null,
    "rendered": Array [
      Object {
        "instance": null,
        "key": undefined,
        "nodeType": "host",
        "props": Object {
          "children": "My Transactions",
          "className": "table-title",
        },
        "ref": null,
        "rendered": "My Transactions",
        "type": "div",
      },
      Object {
        "instance": null,
        "key": undefined,
        "nodeType": "host",
        "props": Object {
          "children": Array [
            <thead>
              <tr>
                <th
                  style={
                    Object {
                      "width": "30%",
                    }
                  }
                >
                  Transaction
                </th>
                <th>
                  Transaction Hash
                </th>
              </tr>
            </thead>,
            <tbody>
              <tr>
                <td>
                  ContractCreation
                </td>
                <td>
                  <a
                    className="link__token-address"
                    href="https://rinkeby.etherscan.io/tx/0x7e1bf33a238354bebfd59f2bbd88a99e75c0b75d9aaa5a2e4b4225e1e51369fb"
                    rel="noopener noreferrer"
                    target="_blank"
                  >
                    0x7e1bf33a238354bebfd59f2bbd88a99e75c0b75d9aaa5a2e4b4225e1e51369fb
                  </a>
                </td>
              </tr>
            </tbody>,
          ],
          "className": "table table-hover table-striped",
        },
        "ref": null,
        "rendered": Array [
          Object {
            "instance": null,
            "key": undefined,
            "nodeType": "host",
            "props": Object {
              "children": <tr>
                <th
                  style={
                    Object {
                      "width": "30%",
                    }
                  }
                >
                  Transaction
                </th>
                <th>
                  Transaction Hash
                </th>
              </tr>,
            },
            "ref": null,
            "rendered": Object {
              "instance": null,
              "key": undefined,
              "nodeType": "host",
              "props": Object {
                "children": Array [
                  <th
                    style={
                      Object {
                        "width": "30%",
                      }
                    }
                  >
                    Transaction
                  </th>,
                  <th>
                    Transaction Hash
                  </th>,
                ],
              },
              "ref": null,
              "rendered": Array [
                Object {
                  "instance": null,
                  "key": undefined,
                  "nodeType": "host",
                  "props": Object {
                    "children": "Transaction",
                    "style": Object {
                      "width": "30%",
                    },
                  },
                  "ref": null,
                  "rendered": "Transaction",
                  "type": "th",
                },
                Object {
                  "instance": null,
                  "key": undefined,
                  "nodeType": "host",
                  "props": Object {
                    "children": "Transaction Hash",
                  },
                  "ref": null,
                  "rendered": "Transaction Hash",
                  "type": "th",
                },
              ],
              "type": "tr",
            },
            "type": "thead",
          },
          Object {
            "instance": null,
            "key": undefined,
            "nodeType": "host",
            "props": Object {
              "children": Array [
                <tr>
                  <td>
                    ContractCreation
                  </td>
                  <td>
                    <a
                      className="link__token-address"
                      href="https://rinkeby.etherscan.io/tx/0x7e1bf33a238354bebfd59f2bbd88a99e75c0b75d9aaa5a2e4b4225e1e51369fb"
                      rel="noopener noreferrer"
                      target="_blank"
                    >
                      0x7e1bf33a238354bebfd59f2bbd88a99e75c0b75d9aaa5a2e4b4225e1e51369fb
                    </a>
                  </td>
                </tr>,
              ],
            },
            "ref": null,
            "rendered": Array [
              Object {
                "instance": null,
                "key": "0",
                "nodeType": "host",
                "props": Object {
                  "children": Array [
                    <td>
                      ContractCreation
                    </td>,
                    <td>
                      <a
                        className="link__token-address"
                        href="https://rinkeby.etherscan.io/tx/0x7e1bf33a238354bebfd59f2bbd88a99e75c0b75d9aaa5a2e4b4225e1e51369fb"
                        rel="noopener noreferrer"
                        target="_blank"
                      >
                        0x7e1bf33a238354bebfd59f2bbd88a99e75c0b75d9aaa5a2e4b4225e1e51369fb
                      </a>
                    </td>,
                  ],
                },
                "ref": null,
                "rendered": Array [
                  Object {
                    "instance": null,
                    "key": undefined,
                    "nodeType": "host",
                    "props": Object {
                      "children": "ContractCreation",
                    },
                    "ref": null,
                    "rendered": "ContractCreation",
                    "type": "td",
                  },
                  Object {
                    "instance": null,
                    "key": undefined,
                    "nodeType": "host",
                    "props": Object {
                      "children": <a
                        className="link__token-address"
                        href="https://rinkeby.etherscan.io/tx/0x7e1bf33a238354bebfd59f2bbd88a99e75c0b75d9aaa5a2e4b4225e1e51369fb"
                        rel="noopener noreferrer"
                        target="_blank"
                      >
                        0x7e1bf33a238354bebfd59f2bbd88a99e75c0b75d9aaa5a2e4b4225e1e51369fb
                      </a>,
                    },
                    "ref": null,
                    "rendered": Object {
                      "instance": null,
                      "key": undefined,
                      "nodeType": "host",
                      "props": Object {
                        "children": "0x7e1bf33a238354bebfd59f2bbd88a99e75c0b75d9aaa5a2e4b4225e1e51369fb",
                        "className": "link__token-address",
                        "href": "https://rinkeby.etherscan.io/tx/0x7e1bf33a238354bebfd59f2bbd88a99e75c0b75d9aaa5a2e4b4225e1e51369fb",
                        "rel": "noopener noreferrer",
                        "target": "_blank",
                      },
                      "ref": null,
                      "rendered": "0x7e1bf33a238354bebfd59f2bbd88a99e75c0b75d9aaa5a2e4b4225e1e51369fb",
                      "type": "a",
                    },
                    "type": "td",
                  },
                ],
                "type": "tr",
              },
            ],
            "type": "tbody",
          },
        ],
        "type": "table",
      },
    ],
    "type": "div",
  },
  Symbol(enzyme.__nodes__): Array [
    Object {
      "instance": null,
      "key": undefined,
      "nodeType": "host",
      "props": Object {
        "children": Array [
          <div
            className="table-title"
          >
            My Transactions
          </div>,
          <table
            className="table table-hover table-striped"
          >
            <thead>
              <tr>
                <th
                  style={
                    Object {
                      "width": "30%",
                    }
                  }
                >
                  Transaction
                </th>
                <th>
                  Transaction Hash
                </th>
              </tr>
            </thead>
            <tbody>
              <tr>
                <td>
                  ContractCreation
                </td>
                <td>
                  <a
                    className="link__token-address"
                    href="https://rinkeby.etherscan.io/tx/0x7e1bf33a238354bebfd59f2bbd88a99e75c0b75d9aaa5a2e4b4225e1e51369fb"
                    rel="noopener noreferrer"
                    target="_blank"
                  >
                    0x7e1bf33a238354bebfd59f2bbd88a99e75c0b75d9aaa5a2e4b4225e1e51369fb
                  </a>
                </td>
              </tr>
            </tbody>
          </table>,
        ],
        "className": "wide-table-container",
      },
      "ref": null,
      "rendered": Array [
        Object {
          "instance": null,
          "key": undefined,
          "nodeType": "host",
          "props": Object {
            "children": "My Transactions",
            "className": "table-title",
          },
          "ref": null,
          "rendered": "My Transactions",
          "type": "div",
        },
        Object {
          "instance": null,
          "key": undefined,
          "nodeType": "host",
          "props": Object {
            "children": Array [
              <thead>
                <tr>
                  <th
                    style={
                      Object {
                        "width": "30%",
                      }
                    }
                  >
                    Transaction
                  </th>
                  <th>
                    Transaction Hash
                  </th>
                </tr>
              </thead>,
              <tbody>
                <tr>
                  <td>
                    ContractCreation
                  </td>
                  <td>
                    <a
                      className="link__token-address"
                      href="https://rinkeby.etherscan.io/tx/0x7e1bf33a238354bebfd59f2bbd88a99e75c0b75d9aaa5a2e4b4225e1e51369fb"
                      rel="noopener noreferrer"
                      target="_blank"
                    >
                      0x7e1bf33a238354bebfd59f2bbd88a99e75c0b75d9aaa5a2e4b4225e1e51369fb
                    </a>
                  </td>
                </tr>
              </tbody>,
            ],
            "className": "table table-hover table-striped",
          },
          "ref": null,
          "rendered": Array [
            Object {
              "instance": null,
              "key": undefined,
              "nodeType": "host",
              "props": Object {
                "children": <tr>
                  <th
                    style={
                      Object {
                        "width": "30%",
                      }
                    }
                  >
                    Transaction
                  </th>
                  <th>
                    Transaction Hash
                  </th>
                </tr>,
              },
              "ref": null,
              "rendered": Object {
                "instance": null,
                "key": undefined,
                "nodeType": "host",
                "props": Object {
                  "children": Array [
                    <th
                      style={
                        Object {
                          "width": "30%",
                        }
                      }
                    >
                      Transaction
                    </th>,
                    <th>
                      Transaction Hash
                    </th>,
                  ],
                },
                "ref": null,
                "rendered": Array [
                  Object {
                    "instance": null,
                    "key": undefined,
                    "nodeType": "host",
                    "props": Object {
                      "children": "Transaction",
                      "style": Object {
                        "width": "30%",
                      },
                    },
                    "ref": null,
                    "rendered": "Transaction",
                    "type": "th",
                  },
                  Object {
                    "instance": null,
                    "key": undefined,
                    "nodeType": "host",
                    "props": Object {
                      "children": "Transaction Hash",
                    },
                    "ref": null,
                    "rendered": "Transaction Hash",
                    "type": "th",
                  },
                ],
                "type": "tr",
              },
              "type": "thead",
            },
            Object {
              "instance": null,
              "key": undefined,
              "nodeType": "host",
              "props": Object {
                "children": Array [
                  <tr>
                    <td>
                      ContractCreation
                    </td>
                    <td>
                      <a
                        className="link__token-address"
                        href="https://rinkeby.etherscan.io/tx/0x7e1bf33a238354bebfd59f2bbd88a99e75c0b75d9aaa5a2e4b4225e1e51369fb"
                        rel="noopener noreferrer"
                        target="_blank"
                      >
                        0x7e1bf33a238354bebfd59f2bbd88a99e75c0b75d9aaa5a2e4b4225e1e51369fb
                      </a>
                    </td>
                  </tr>,
                ],
              },
              "ref": null,
              "rendered": Array [
                Object {
                  "instance": null,
                  "key": "0",
                  "nodeType": "host",
                  "props": Object {
                    "children": Array [
                      <td>
                        ContractCreation
                      </td>,
                      <td>
                        <a
                          className="link__token-address"
                          href="https://rinkeby.etherscan.io/tx/0x7e1bf33a238354bebfd59f2bbd88a99e75c0b75d9aaa5a2e4b4225e1e51369fb"
                          rel="noopener noreferrer"
                          target="_blank"
                        >
                          0x7e1bf33a238354bebfd59f2bbd88a99e75c0b75d9aaa5a2e4b4225e1e51369fb
                        </a>
                      </td>,
                    ],
                  },
                  "ref": null,
                  "rendered": Array [
                    Object {
                      "instance": null,
                      "key": undefined,
                      "nodeType": "host",
                      "props": Object {
                        "children": "ContractCreation",
                      },
                      "ref": null,
                      "rendered": "ContractCreation",
                      "type": "td",
                    },
                    Object {
                      "instance": null,
                      "key": undefined,
                      "nodeType": "host",
                      "props": Object {
                        "children": <a
                          className="link__token-address"
                          href="https://rinkeby.etherscan.io/tx/0x7e1bf33a238354bebfd59f2bbd88a99e75c0b75d9aaa5a2e4b4225e1e51369fb"
                          rel="noopener noreferrer"
                          target="_blank"
                        >
                          0x7e1bf33a238354bebfd59f2bbd88a99e75c0b75d9aaa5a2e4b4225e1e51369fb
                        </a>,
                      },
                      "ref": null,
                      "rendered": Object {
                        "instance": null,
                        "key": undefined,
                        "nodeType": "host",
                        "props": Object {
                          "children": "0x7e1bf33a238354bebfd59f2bbd88a99e75c0b75d9aaa5a2e4b4225e1e51369fb",
                          "className": "link__token-address",
                          "href": "https://rinkeby.etherscan.io/tx/0x7e1bf33a238354bebfd59f2bbd88a99e75c0b75d9aaa5a2e4b4225e1e51369fb",
                          "rel": "noopener noreferrer",
                          "target": "_blank",
                        },
                        "ref": null,
                        "rendered": "0x7e1bf33a238354bebfd59f2bbd88a99e75c0b75d9aaa5a2e4b4225e1e51369fb",
                        "type": "a",
                      },
                      "type": "td",
                    },
                  ],
                  "type": "tr",
                },
              ],
              "type": "tbody",
            },
          ],
          "type": "table",
        },
      ],
      "type": "div",
    },
  ],
  Symbol(enzyme.__options__): Object {
    "adapter": ReactSixteenAdapter {
      "options": Object {
        "enableComponentDidUpdateOnSetState": true,
        "lifecycles": Object {
          "componentDidUpdate": Object {
            "onSetState": true,
          },
          "getDerivedStateFromProps": true,
          "getSnapshotBeforeUpdate": true,
          "setState": Object {
            "skipsComponentDidUpdateOnNullish": true,
          },
        },
      },
    },
  },
}
`;
